############################################################################################
################# Final reults are      AggloClu_metrics####################################
############################################################################################
{'labels7_1': {'adjusted_mutual_info_score': {'cfg': '',
                                              'other_metrics': [],
                                              'res_label': [],
                                              'val': 0},
               'adjusted_rand_score': {'cfg': '',
                                       'other_metrics': [],
                                       'res_label': [],
                                       'val': 0},
               'calinski_harabaz_score': {'cfg': '',
                                          'other_metrics': [],
                                          'res_label': [],
                                          'val': 0},
               'completeness_score': {'cfg': '',
                                      'other_metrics': [],
                                      'res_label': [],
                                      'val': 0},
               'fowlkes_mallows_score': {'cfg': '',
                                         'other_metrics': [],
                                         'res_label': [],
                                         'val': 0},
               'homogeneity_score': {'cfg': '',
                                     'other_metrics': [],
                                     'res_label': [],
                                     'val': 0},
               'mutual_info_score': {'cfg': '',
                                     'other_metrics': [],
                                     'res_label': [],
                                     'val': 0},
               'normalized_mutual_info_score': {'cfg': '',
                                                'other_metrics': [],
                                                'res_label': [],
                                                'val': 0},
               'silhouette_score': {'cfg': '',
                                    'other_metrics': [],
                                    'res_label': [],
                                    'val': 0},
               'v_measure_score': {'cfg': '',
                                   'other_metrics': [],
                                   'res_label': [],
                                   'val': 0}},
 'labels7_2': {'adjusted_mutual_info_score': {'cfg': '',
                                              'other_metrics': [],
                                              'res_label': [],
                                              'val': 0},
               'adjusted_rand_score': {'cfg': '',
                                       'other_metrics': [],
                                       'res_label': [],
                                       'val': 0},
               'calinski_harabaz_score': {'cfg': '',
                                          'other_metrics': [],
                                          'res_label': [],
                                          'val': 0},
               'completeness_score': {'cfg': '',
                                      'other_metrics': [],
                                      'res_label': [],
                                      'val': 0},
               'fowlkes_mallows_score': {'cfg': '',
                                         'other_metrics': [],
                                         'res_label': [],
                                         'val': 0},
               'homogeneity_score': {'cfg': '',
                                     'other_metrics': [],
                                     'res_label': [],
                                     'val': 0},
               'mutual_info_score': {'cfg': '',
                                     'other_metrics': [],
                                     'res_label': [],
                                     'val': 0},
               'normalized_mutual_info_score': {'cfg': '',
                                                'other_metrics': [],
                                                'res_label': [],
                                                'val': 0},
               'silhouette_score': {'cfg': '',
                                    'other_metrics': [],
                                    'res_label': [],
                                    'val': 0},
               'v_measure_score': {'cfg': '',
                                   'other_metrics': [],
                                   'res_label': [],
                                   'val': 0}},
 'labels8_1': {'adjusted_mutual_info_score': {'cfg': '',
                                              'other_metrics': [],
                                              'res_label': [],
                                              'val': 0},
               'adjusted_rand_score': {'cfg': '',
                                       'other_metrics': [],
                                       'res_label': [],
                                       'val': 0},
               'calinski_harabaz_score': {'cfg': '',
                                          'other_metrics': [],
                                          'res_label': [],
                                          'val': 0},
               'completeness_score': {'cfg': '',
                                      'other_metrics': [],
                                      'res_label': [],
                                      'val': 0},
               'fowlkes_mallows_score': {'cfg': '',
                                         'other_metrics': [],
                                         'res_label': [],
                                         'val': 0},
               'homogeneity_score': {'cfg': '',
                                     'other_metrics': [],
                                     'res_label': [],
                                     'val': 0},
               'mutual_info_score': {'cfg': '',
                                     'other_metrics': [],
                                     'res_label': [],
                                     'val': 0},
               'normalized_mutual_info_score': {'cfg': '',
                                                'other_metrics': [],
                                                'res_label': [],
                                                'val': 0},
               'silhouette_score': {'cfg': '',
                                    'other_metrics': [],
                                    'res_label': [],
                                    'val': 0},
               'v_measure_score': {'cfg': '',
                                   'other_metrics': [],
                                   'res_label': [],
                                   'val': 0}},
 'labels8_2': {'adjusted_mutual_info_score': {'cfg': '',
                                              'other_metrics': [],
                                              'res_label': [],
                                              'val': 0},
               'adjusted_rand_score': {'cfg': '',
                                       'other_metrics': [],
                                       'res_label': [],
                                       'val': 0},
               'calinski_harabaz_score': {'cfg': '',
                                          'other_metrics': [],
                                          'res_label': [],
                                          'val': 0},
               'completeness_score': {'cfg': '',
                                      'other_metrics': [],
                                      'res_label': [],
                                      'val': 0},
               'fowlkes_mallows_score': {'cfg': '',
                                         'other_metrics': [],
                                         'res_label': [],
                                         'val': 0},
               'homogeneity_score': {'cfg': '',
                                     'other_metrics': [],
                                     'res_label': [],
                                     'val': 0},
               'mutual_info_score': {'cfg': '',
                                     'other_metrics': [],
                                     'res_label': [],
                                     'val': 0},
               'normalized_mutual_info_score': {'cfg': '',
                                                'other_metrics': [],
                                                'res_label': [],
                                                'val': 0},
               'silhouette_score': {'cfg': '',
                                    'other_metrics': [],
                                    'res_label': [],
                                    'val': 0},
               'v_measure_score': {'cfg': '',
                                   'other_metrics': [],
                                   'res_label': [],
                                   'val': 0}},
 'labels9_1': {'adjusted_mutual_info_score': {'cfg': '',
                                              'other_metrics': [],
                                              'res_label': [],
                                              'val': 0},
               'adjusted_rand_score': {'cfg': '',
                                       'other_metrics': [],
                                       'res_label': [],
                                       'val': 0},
               'calinski_harabaz_score': {'cfg': '',
                                          'other_metrics': [],
                                          'res_label': [],
                                          'val': 0},
               'completeness_score': {'cfg': '',
                                      'other_metrics': [],
                                      'res_label': [],
                                      'val': 0},
               'fowlkes_mallows_score': {'cfg': '',
                                         'other_metrics': [],
                                         'res_label': [],
                                         'val': 0},
               'homogeneity_score': {'cfg': '',
                                     'other_metrics': [],
                                     'res_label': [],
                                     'val': 0},
               'mutual_info_score': {'cfg': '',
                                     'other_metrics': [],
                                     'res_label': [],
                                     'val': 0},
               'normalized_mutual_info_score': {'cfg': '',
                                                'other_metrics': [],
                                                'res_label': [],
                                                'val': 0},
               'silhouette_score': {'cfg': '',
                                    'other_metrics': [],
                                    'res_label': [],
                                    'val': 0},
               'v_measure_score': {'cfg': '',
                                   'other_metrics': [],
                                   'res_label': [],
                                   'val': 0}},
 'summary': {'labels7_1': {'adjusted_mutual_info_score': {'res_label': [],
                                                          'val': 0},
                           'adjusted_rand_score': {'res_label': [],
                                                   'val': 0},
                           'calinski_harabaz_score': {'res_label': [],
                                                      'val': 0},
                           'completeness_score': {'res_label': [],
                                                  'val': 0},
                           'fowlkes_mallows_score': {'res_label': [],
                                                     'val': 0},
                           'homogeneity_score': {'res_label': [],
                                                 'val': 0},
                           'mutual_info_score': {'res_label': [],
                                                 'val': 0},
                           'normalized_mutual_info_score': {'res_label': [],
                                                            'val': 0},
                           'silhouette_score': {'res_label': [],
                                                'val': 0},
                           'v_measure_score': {'res_label': [],
                                               'val': 0}},
             'labels7_2': {'adjusted_mutual_info_score': {'res_label': [],
                                                          'val': 0},
                           'adjusted_rand_score': {'res_label': [],
                                                   'val': 0},
                           'calinski_harabaz_score': {'res_label': [],
                                                      'val': 0},
                           'completeness_score': {'res_label': [],
                                                  'val': 0},
                           'fowlkes_mallows_score': {'res_label': [],
                                                     'val': 0},
                           'homogeneity_score': {'res_label': [],
                                                 'val': 0},
                           'mutual_info_score': {'res_label': [],
                                                 'val': 0},
                           'normalized_mutual_info_score': {'res_label': [],
                                                            'val': 0},
                           'silhouette_score': {'res_label': [],
                                                'val': 0},
                           'v_measure_score': {'res_label': [],
                                               'val': 0}},
             'labels8_1': {'adjusted_mutual_info_score': {'res_label': [],
                                                          'val': 0},
                           'adjusted_rand_score': {'res_label': [],
                                                   'val': 0},
                           'calinski_harabaz_score': {'res_label': [],
                                                      'val': 0},
                           'completeness_score': {'res_label': [],
                                                  'val': 0},
                           'fowlkes_mallows_score': {'res_label': [],
                                                     'val': 0},
                           'homogeneity_score': {'res_label': [],
                                                 'val': 0},
                           'mutual_info_score': {'res_label': [],
                                                 'val': 0},
                           'normalized_mutual_info_score': {'res_label': [],
                                                            'val': 0},
                           'silhouette_score': {'res_label': [],
                                                'val': 0},
                           'v_measure_score': {'res_label': [],
                                               'val': 0}},
             'labels8_2': {'adjusted_mutual_info_score': {'res_label': [],
                                                          'val': 0},
                           'adjusted_rand_score': {'res_label': [],
                                                   'val': 0},
                           'calinski_harabaz_score': {'res_label': [],
                                                      'val': 0},
                           'completeness_score': {'res_label': [],
                                                  'val': 0},
                           'fowlkes_mallows_score': {'res_label': [],
                                                     'val': 0},
                           'homogeneity_score': {'res_label': [],
                                                 'val': 0},
                           'mutual_info_score': {'res_label': [],
                                                 'val': 0},
                           'normalized_mutual_info_score': {'res_label': [],
                                                            'val': 0},
                           'silhouette_score': {'res_label': [],
                                                'val': 0},
                           'v_measure_score': {'res_label': [],
                                               'val': 0}},
             'labels9_1': {'adjusted_mutual_info_score': {'res_label': [],
                                                          'val': 0},
                           'adjusted_rand_score': {'res_label': [],
                                                   'val': 0},
                           'calinski_harabaz_score': {'res_label': [],
                                                      'val': 0},
                           'completeness_score': {'res_label': [],
                                                  'val': 0},
                           'fowlkes_mallows_score': {'res_label': [],
                                                     'val': 0},
                           'homogeneity_score': {'res_label': [],
                                                 'val': 0},
                           'mutual_info_score': {'res_label': [],
                                                 'val': 0},
                           'normalized_mutual_info_score': {'res_label': [],
                                                            'val': 0},
                           'silhouette_score': {'res_label': [],
                                                'val': 0},
                           'v_measure_score': {'res_label': [],
                                               'val': 0}}}}
############################################################################################
################# Final reults are      KMeans_metrics####################################
############################################################################################
{'labels7_1': {'adjusted_mutual_info_score': {'cfg': '',
                                              'other_metrics': [],
                                              'res_label': [],
                                              'val': 0},
               'adjusted_rand_score': {'cfg': '',
                                       'other_metrics': [],
                                       'res_label': [],
                                       'val': 0},
               'calinski_harabaz_score': {'cfg': '',
                                          'other_metrics': [],
                                          'res_label': [],
                                          'val': 0},
               'completeness_score': {'cfg': '',
                                      'other_metrics': [],
                                      'res_label': [],
                                      'val': 0},
               'fowlkes_mallows_score': {'cfg': '',
                                         'other_metrics': [],
                                         'res_label': [],
                                         'val': 0},
               'homogeneity_score': {'cfg': '',
                                     'other_metrics': [],
                                     'res_label': [],
                                     'val': 0},
               'mutual_info_score': {'cfg': '',
                                     'other_metrics': [],
                                     'res_label': [],
                                     'val': 0},
               'normalized_mutual_info_score': {'cfg': '',
                                                'other_metrics': [],
                                                'res_label': [],
                                                'val': 0},
               'silhouette_score': {'cfg': '',
                                    'other_metrics': [],
                                    'res_label': [],
                                    'val': 0},
               'v_measure_score': {'cfg': '',
                                   'other_metrics': [],
                                   'res_label': [],
                                   'val': 0}},
 'labels7_2': {'adjusted_mutual_info_score': {'cfg': '',
                                              'other_metrics': [],
                                              'res_label': [],
                                              'val': 0},
               'adjusted_rand_score': {'cfg': '',
                                       'other_metrics': [],
                                       'res_label': [],
                                       'val': 0},
               'calinski_harabaz_score': {'cfg': '',
                                          'other_metrics': [],
                                          'res_label': [],
                                          'val': 0},
               'completeness_score': {'cfg': '',
                                      'other_metrics': [],
                                      'res_label': [],
                                      'val': 0},
               'fowlkes_mallows_score': {'cfg': '',
                                         'other_metrics': [],
                                         'res_label': [],
                                         'val': 0},
               'homogeneity_score': {'cfg': '',
                                     'other_metrics': [],
                                     'res_label': [],
                                     'val': 0},
               'mutual_info_score': {'cfg': '',
                                     'other_metrics': [],
                                     'res_label': [],
                                     'val': 0},
               'normalized_mutual_info_score': {'cfg': '',
                                                'other_metrics': [],
                                                'res_label': [],
                                                'val': 0},
               'silhouette_score': {'cfg': '',
                                    'other_metrics': [],
                                    'res_label': [],
                                    'val': 0},
               'v_measure_score': {'cfg': '',
                                   'other_metrics': [],
                                   'res_label': [],
                                   'val': 0}},
 'labels8_1': {'adjusted_mutual_info_score': {'cfg': '',
                                              'other_metrics': [],
                                              'res_label': [],
                                              'val': 0},
               'adjusted_rand_score': {'cfg': '',
                                       'other_metrics': [],
                                       'res_label': [],
                                       'val': 0},
               'calinski_harabaz_score': {'cfg': '',
                                          'other_metrics': [],
                                          'res_label': [],
                                          'val': 0},
               'completeness_score': {'cfg': '',
                                      'other_metrics': [],
                                      'res_label': [],
                                      'val': 0},
               'fowlkes_mallows_score': {'cfg': '',
                                         'other_metrics': [],
                                         'res_label': [],
                                         'val': 0},
               'homogeneity_score': {'cfg': '',
                                     'other_metrics': [],
                                     'res_label': [],
                                     'val': 0},
               'mutual_info_score': {'cfg': '',
                                     'other_metrics': [],
                                     'res_label': [],
                                     'val': 0},
               'normalized_mutual_info_score': {'cfg': '',
                                                'other_metrics': [],
                                                'res_label': [],
                                                'val': 0},
               'silhouette_score': {'cfg': '',
                                    'other_metrics': [],
                                    'res_label': [],
                                    'val': 0},
               'v_measure_score': {'cfg': '',
                                   'other_metrics': [],
                                   'res_label': [],
                                   'val': 0}},
 'labels8_2': {'adjusted_mutual_info_score': {'cfg': '',
                                              'other_metrics': [],
                                              'res_label': [],
                                              'val': 0},
               'adjusted_rand_score': {'cfg': '',
                                       'other_metrics': [],
                                       'res_label': [],
                                       'val': 0},
               'calinski_harabaz_score': {'cfg': '',
                                          'other_metrics': [],
                                          'res_label': [],
                                          'val': 0},
               'completeness_score': {'cfg': '',
                                      'other_metrics': [],
                                      'res_label': [],
                                      'val': 0},
               'fowlkes_mallows_score': {'cfg': '',
                                         'other_metrics': [],
                                         'res_label': [],
                                         'val': 0},
               'homogeneity_score': {'cfg': '',
                                     'other_metrics': [],
                                     'res_label': [],
                                     'val': 0},
               'mutual_info_score': {'cfg': '',
                                     'other_metrics': [],
                                     'res_label': [],
                                     'val': 0},
               'normalized_mutual_info_score': {'cfg': '',
                                                'other_metrics': [],
                                                'res_label': [],
                                                'val': 0},
               'silhouette_score': {'cfg': '',
                                    'other_metrics': [],
                                    'res_label': [],
                                    'val': 0},
               'v_measure_score': {'cfg': '',
                                   'other_metrics': [],
                                   'res_label': [],
                                   'val': 0}},
 'labels9_1': {'adjusted_mutual_info_score': {'cfg': '',
                                              'other_metrics': [],
                                              'res_label': [],
                                              'val': 0},
               'adjusted_rand_score': {'cfg': '',
                                       'other_metrics': [],
                                       'res_label': [],
                                       'val': 0},
               'calinski_harabaz_score': {'cfg': '',
                                          'other_metrics': [],
                                          'res_label': [],
                                          'val': 0},
               'completeness_score': {'cfg': '',
                                      'other_metrics': [],
                                      'res_label': [],
                                      'val': 0},
               'fowlkes_mallows_score': {'cfg': '',
                                         'other_metrics': [],
                                         'res_label': [],
                                         'val': 0},
               'homogeneity_score': {'cfg': '',
                                     'other_metrics': [],
                                     'res_label': [],
                                     'val': 0},
               'mutual_info_score': {'cfg': '',
                                     'other_metrics': [],
                                     'res_label': [],
                                     'val': 0},
               'normalized_mutual_info_score': {'cfg': '',
                                                'other_metrics': [],
                                                'res_label': [],
                                                'val': 0},
               'silhouette_score': {'cfg': '',
                                    'other_metrics': [],
                                    'res_label': [],
                                    'val': 0},
               'v_measure_score': {'cfg': '',
                                   'other_metrics': [],
                                   'res_label': [],
                                   'val': 0}},
 'summary': {'labels7_1': {'adjusted_mutual_info_score': {'res_label': [],
                                                          'val': 0},
                           'adjusted_rand_score': {'res_label': [],
                                                   'val': 0},
                           'calinski_harabaz_score': {'res_label': [],
                                                      'val': 0},
                           'completeness_score': {'res_label': [],
                                                  'val': 0},
                           'fowlkes_mallows_score': {'res_label': [],
                                                     'val': 0},
                           'homogeneity_score': {'res_label': [],
                                                 'val': 0},
                           'mutual_info_score': {'res_label': [],
                                                 'val': 0},
                           'normalized_mutual_info_score': {'res_label': [],
                                                            'val': 0},
                           'silhouette_score': {'res_label': [],
                                                'val': 0},
                           'v_measure_score': {'res_label': [],
                                               'val': 0}},
             'labels7_2': {'adjusted_mutual_info_score': {'res_label': [],
                                                          'val': 0},
                           'adjusted_rand_score': {'res_label': [],
                                                   'val': 0},
                           'calinski_harabaz_score': {'res_label': [],
                                                      'val': 0},
                           'completeness_score': {'res_label': [],
                                                  'val': 0},
                           'fowlkes_mallows_score': {'res_label': [],
                                                     'val': 0},
                           'homogeneity_score': {'res_label': [],
                                                 'val': 0},
                           'mutual_info_score': {'res_label': [],
                                                 'val': 0},
                           'normalized_mutual_info_score': {'res_label': [],
                                                            'val': 0},
                           'silhouette_score': {'res_label': [],
                                                'val': 0},
                           'v_measure_score': {'res_label': [],
                                               'val': 0}},
             'labels8_1': {'adjusted_mutual_info_score': {'res_label': [],
                                                          'val': 0},
                           'adjusted_rand_score': {'res_label': [],
                                                   'val': 0},
                           'calinski_harabaz_score': {'res_label': [],
                                                      'val': 0},
                           'completeness_score': {'res_label': [],
                                                  'val': 0},
                           'fowlkes_mallows_score': {'res_label': [],
                                                     'val': 0},
                           'homogeneity_score': {'res_label': [],
                                                 'val': 0},
                           'mutual_info_score': {'res_label': [],
                                                 'val': 0},
                           'normalized_mutual_info_score': {'res_label': [],
                                                            'val': 0},
                           'silhouette_score': {'res_label': [],
                                                'val': 0},
                           'v_measure_score': {'res_label': [],
                                               'val': 0}},
             'labels8_2': {'adjusted_mutual_info_score': {'res_label': [],
                                                          'val': 0},
                           'adjusted_rand_score': {'res_label': [],
                                                   'val': 0},
                           'calinski_harabaz_score': {'res_label': [],
                                                      'val': 0},
                           'completeness_score': {'res_label': [],
                                                  'val': 0},
                           'fowlkes_mallows_score': {'res_label': [],
                                                     'val': 0},
                           'homogeneity_score': {'res_label': [],
                                                 'val': 0},
                           'mutual_info_score': {'res_label': [],
                                                 'val': 0},
                           'normalized_mutual_info_score': {'res_label': [],
                                                            'val': 0},
                           'silhouette_score': {'res_label': [],
                                                'val': 0},
                           'v_measure_score': {'res_label': [],
                                               'val': 0}},
             'labels9_1': {'adjusted_mutual_info_score': {'res_label': [],
                                                          'val': 0},
                           'adjusted_rand_score': {'res_label': [],
                                                   'val': 0},
                           'calinski_harabaz_score': {'res_label': [],
                                                      'val': 0},
                           'completeness_score': {'res_label': [],
                                                  'val': 0},
                           'fowlkes_mallows_score': {'res_label': [],
                                                     'val': 0},
                           'homogeneity_score': {'res_label': [],
                                                 'val': 0},
                           'mutual_info_score': {'res_label': [],
                                                 'val': 0},
                           'normalized_mutual_info_score': {'res_label': [],
                                                            'val': 0},
                           'silhouette_score': {'res_label': [],
                                                'val': 0},
                           'v_measure_score': {'res_label': [],
                                               'val': 0}}}}
############################################################################################
################# Final reults are       Birch_metrics####################################
############################################################################################
{'labels7_1': {'adjusted_mutual_info_score': {'cfg': '',
                                              'other_metrics': [],
                                              'res_label': [],
                                              'val': 0},
               'adjusted_rand_score': {'cfg': '',
                                       'other_metrics': [],
                                       'res_label': [],
                                       'val': 0},
               'calinski_harabaz_score': {'cfg': '',
                                          'other_metrics': [],
                                          'res_label': [],
                                          'val': 0},
               'completeness_score': {'cfg': '',
                                      'other_metrics': [],
                                      'res_label': [],
                                      'val': 0},
               'fowlkes_mallows_score': {'cfg': '',
                                         'other_metrics': [],
                                         'res_label': [],
                                         'val': 0},
               'homogeneity_score': {'cfg': '',
                                     'other_metrics': [],
                                     'res_label': [],
                                     'val': 0},
               'mutual_info_score': {'cfg': '',
                                     'other_metrics': [],
                                     'res_label': [],
                                     'val': 0},
               'normalized_mutual_info_score': {'cfg': '',
                                                'other_metrics': [],
                                                'res_label': [],
                                                'val': 0},
               'silhouette_score': {'cfg': '',
                                    'other_metrics': [],
                                    'res_label': [],
                                    'val': 0},
               'v_measure_score': {'cfg': '',
                                   'other_metrics': [],
                                   'res_label': [],
                                   'val': 0}},
 'labels7_2': {'adjusted_mutual_info_score': {'cfg': '',
                                              'other_metrics': [],
                                              'res_label': [],
                                              'val': 0},
               'adjusted_rand_score': {'cfg': '',
                                       'other_metrics': [],
                                       'res_label': [],
                                       'val': 0},
               'calinski_harabaz_score': {'cfg': '',
                                          'other_metrics': [],
                                          'res_label': [],
                                          'val': 0},
               'completeness_score': {'cfg': '',
                                      'other_metrics': [],
                                      'res_label': [],
                                      'val': 0},
               'fowlkes_mallows_score': {'cfg': '',
                                         'other_metrics': [],
                                         'res_label': [],
                                         'val': 0},
               'homogeneity_score': {'cfg': '',
                                     'other_metrics': [],
                                     'res_label': [],
                                     'val': 0},
               'mutual_info_score': {'cfg': '',
                                     'other_metrics': [],
                                     'res_label': [],
                                     'val': 0},
               'normalized_mutual_info_score': {'cfg': '',
                                                'other_metrics': [],
                                                'res_label': [],
                                                'val': 0},
               'silhouette_score': {'cfg': '',
                                    'other_metrics': [],
                                    'res_label': [],
                                    'val': 0},
               'v_measure_score': {'cfg': '',
                                   'other_metrics': [],
                                   'res_label': [],
                                   'val': 0}},
 'labels8_1': {'adjusted_mutual_info_score': {'cfg': '',
                                              'other_metrics': [],
                                              'res_label': [],
                                              'val': 0},
               'adjusted_rand_score': {'cfg': '',
                                       'other_metrics': [],
                                       'res_label': [],
                                       'val': 0},
               'calinski_harabaz_score': {'cfg': '',
                                          'other_metrics': [],
                                          'res_label': [],
                                          'val': 0},
               'completeness_score': {'cfg': '',
                                      'other_metrics': [],
                                      'res_label': [],
                                      'val': 0},
               'fowlkes_mallows_score': {'cfg': '',
                                         'other_metrics': [],
                                         'res_label': [],
                                         'val': 0},
               'homogeneity_score': {'cfg': '',
                                     'other_metrics': [],
                                     'res_label': [],
                                     'val': 0},
               'mutual_info_score': {'cfg': '',
                                     'other_metrics': [],
                                     'res_label': [],
                                     'val': 0},
               'normalized_mutual_info_score': {'cfg': '',
                                                'other_metrics': [],
                                                'res_label': [],
                                                'val': 0},
               'silhouette_score': {'cfg': '',
                                    'other_metrics': [],
                                    'res_label': [],
                                    'val': 0},
               'v_measure_score': {'cfg': '',
                                   'other_metrics': [],
                                   'res_label': [],
                                   'val': 0}},
 'labels8_2': {'adjusted_mutual_info_score': {'cfg': '',
                                              'other_metrics': [],
                                              'res_label': [],
                                              'val': 0},
               'adjusted_rand_score': {'cfg': '',
                                       'other_metrics': [],
                                       'res_label': [],
                                       'val': 0},
               'calinski_harabaz_score': {'cfg': '',
                                          'other_metrics': [],
                                          'res_label': [],
                                          'val': 0},
               'completeness_score': {'cfg': '',
                                      'other_metrics': [],
                                      'res_label': [],
                                      'val': 0},
               'fowlkes_mallows_score': {'cfg': '',
                                         'other_metrics': [],
                                         'res_label': [],
                                         'val': 0},
               'homogeneity_score': {'cfg': '',
                                     'other_metrics': [],
                                     'res_label': [],
                                     'val': 0},
               'mutual_info_score': {'cfg': '',
                                     'other_metrics': [],
                                     'res_label': [],
                                     'val': 0},
               'normalized_mutual_info_score': {'cfg': '',
                                                'other_metrics': [],
                                                'res_label': [],
                                                'val': 0},
               'silhouette_score': {'cfg': '',
                                    'other_metrics': [],
                                    'res_label': [],
                                    'val': 0},
               'v_measure_score': {'cfg': '',
                                   'other_metrics': [],
                                   'res_label': [],
                                   'val': 0}},
 'labels9_1': {'adjusted_mutual_info_score': {'cfg': '',
                                              'other_metrics': [],
                                              'res_label': [],
                                              'val': 0},
               'adjusted_rand_score': {'cfg': '',
                                       'other_metrics': [],
                                       'res_label': [],
                                       'val': 0},
               'calinski_harabaz_score': {'cfg': '',
                                          'other_metrics': [],
                                          'res_label': [],
                                          'val': 0},
               'completeness_score': {'cfg': '',
                                      'other_metrics': [],
                                      'res_label': [],
                                      'val': 0},
               'fowlkes_mallows_score': {'cfg': '',
                                         'other_metrics': [],
                                         'res_label': [],
                                         'val': 0},
               'homogeneity_score': {'cfg': '',
                                     'other_metrics': [],
                                     'res_label': [],
                                     'val': 0},
               'mutual_info_score': {'cfg': '',
                                     'other_metrics': [],
                                     'res_label': [],
                                     'val': 0},
               'normalized_mutual_info_score': {'cfg': '',
                                                'other_metrics': [],
                                                'res_label': [],
                                                'val': 0},
               'silhouette_score': {'cfg': '',
                                    'other_metrics': [],
                                    'res_label': [],
                                    'val': 0},
               'v_measure_score': {'cfg': '',
                                   'other_metrics': [],
                                   'res_label': [],
                                   'val': 0}},
 'summary': {'labels7_1': {'adjusted_mutual_info_score': {'res_label': [],
                                                          'val': 0},
                           'adjusted_rand_score': {'res_label': [],
                                                   'val': 0},
                           'calinski_harabaz_score': {'res_label': [],
                                                      'val': 0},
                           'completeness_score': {'res_label': [],
                                                  'val': 0},
                           'fowlkes_mallows_score': {'res_label': [],
                                                     'val': 0},
                           'homogeneity_score': {'res_label': [],
                                                 'val': 0},
                           'mutual_info_score': {'res_label': [],
                                                 'val': 0},
                           'normalized_mutual_info_score': {'res_label': [],
                                                            'val': 0},
                           'silhouette_score': {'res_label': [],
                                                'val': 0},
                           'v_measure_score': {'res_label': [],
                                               'val': 0}},
             'labels7_2': {'adjusted_mutual_info_score': {'res_label': [],
                                                          'val': 0},
                           'adjusted_rand_score': {'res_label': [],
                                                   'val': 0},
                           'calinski_harabaz_score': {'res_label': [],
                                                      'val': 0},
                           'completeness_score': {'res_label': [],
                                                  'val': 0},
                           'fowlkes_mallows_score': {'res_label': [],
                                                     'val': 0},
                           'homogeneity_score': {'res_label': [],
                                                 'val': 0},
                           'mutual_info_score': {'res_label': [],
                                                 'val': 0},
                           'normalized_mutual_info_score': {'res_label': [],
                                                            'val': 0},
                           'silhouette_score': {'res_label': [],
                                                'val': 0},
                           'v_measure_score': {'res_label': [],
                                               'val': 0}},
             'labels8_1': {'adjusted_mutual_info_score': {'res_label': [],
                                                          'val': 0},
                           'adjusted_rand_score': {'res_label': [],
                                                   'val': 0},
                           'calinski_harabaz_score': {'res_label': [],
                                                      'val': 0},
                           'completeness_score': {'res_label': [],
                                                  'val': 0},
                           'fowlkes_mallows_score': {'res_label': [],
                                                     'val': 0},
                           'homogeneity_score': {'res_label': [],
                                                 'val': 0},
                           'mutual_info_score': {'res_label': [],
                                                 'val': 0},
                           'normalized_mutual_info_score': {'res_label': [],
                                                            'val': 0},
                           'silhouette_score': {'res_label': [],
                                                'val': 0},
                           'v_measure_score': {'res_label': [],
                                               'val': 0}},
             'labels8_2': {'adjusted_mutual_info_score': {'res_label': [],
                                                          'val': 0},
                           'adjusted_rand_score': {'res_label': [],
                                                   'val': 0},
                           'calinski_harabaz_score': {'res_label': [],
                                                      'val': 0},
                           'completeness_score': {'res_label': [],
                                                  'val': 0},
                           'fowlkes_mallows_score': {'res_label': [],
                                                     'val': 0},
                           'homogeneity_score': {'res_label': [],
                                                 'val': 0},
                           'mutual_info_score': {'res_label': [],
                                                 'val': 0},
                           'normalized_mutual_info_score': {'res_label': [],
                                                            'val': 0},
                           'silhouette_score': {'res_label': [],
                                                'val': 0},
                           'v_measure_score': {'res_label': [],
                                               'val': 0}},
             'labels9_1': {'adjusted_mutual_info_score': {'res_label': [],
                                                          'val': 0},
                           'adjusted_rand_score': {'res_label': [],
                                                   'val': 0},
                           'calinski_harabaz_score': {'res_label': [],
                                                      'val': 0},
                           'completeness_score': {'res_label': [],
                                                  'val': 0},
                           'fowlkes_mallows_score': {'res_label': [],
                                                     'val': 0},
                           'homogeneity_score': {'res_label': [],
                                                 'val': 0},
                           'mutual_info_score': {'res_label': [],
                                                 'val': 0},
                           'normalized_mutual_info_score': {'res_label': [],
                                                            'val': 0},
                           'silhouette_score': {'res_label': [],
                                                'val': 0},
                           'v_measure_score': {'res_label': [],
                                               'val': 0}}}}
